20:18:47 **** Incremental Build of configuration Debug for project practica_3 ****
make -j20 all 
arm-none-eabi-size  practica_3.elf 
   text	   data	    bss	    dec	    hex	filename
   7652	     84	   1572	   9308	   245c	practica_3.elf
Finished building: default.size.stdout
 
20:19:12 **** Incremental Build of configuration Debug for project Ej0_blinky ****
make -j20 all 
arm-none-eabi-size  Ej0_blinky.elf 
   text	   data	    bss	    dec	    hex	filename
  10432	    124	   1908	  12464	   30b0	Ej0_blinky.elf
Finished building: default.size.stdout
 
