22:39:13 **** Incremental Build of configuration Debug for project test_q ****
make -j20 all 
arm-none-eabi-gcc "../Core/Src/main.c" -mcpu=cortex-m4 -std=gnu11 -g3 -DDEBUG -DUSE_HAL_DRIVER -DSTM32F407xx -c -I../Core/Inc -I../Drivers/STM32F4xx_HAL_Driver/Inc -I../Drivers/STM32F4xx_HAL_Driver/Inc/Legacy -I../Drivers/CMSIS/Device/ST/STM32F4xx/Include -I../Drivers/CMSIS/Include -O0 -ffunction-sections -fdata-sections -Wall -fstack-usage -fcyclomatic-complexity -MMD -MP -MF"Core/Src/main.d" -MT"Core/Src/main.o" --specs=nano.specs -mfpu=fpv4-sp-d16 -mfloat-abi=soft -mthumb -o "Core/Src/main.o"
../Core/Src/main.c: In function 'main':
../Core/Src/main.c:156:3: warning: implicit declaration of function 'BSP_LED_Init' [-Wimplicit-function-declaration]
  156 |   BSP_LED_Init(GPIO_PIN_12);
      |   ^~~~~~~~~~~~
../Core/Src/main.c: In function 'delayRead':
../Core/Src/main.c:107:1: warning: control reaches end of non-void function [-Wreturn-type]
  107 | }
      | ^
arm-none-eabi-gcc -o "test_q.elf" @"objects.list"   -mcpu=cortex-m4 -T"/home/rodz/Documents/uba/mCU-programming/test_q/STM32F407VGTX_FLASH.ld" --specs=nosys.specs -Wl,-Map="test_q.map" -Wl,--gc-sections -static --specs=nano.specs -mfpu=fpv4-sp-d16 -mfloat-abi=soft -mthumb -Wl,--start-group -lc -lm -Wl,--end-group
Finished building target: test_q.elf
 
arm-none-eabi-size  test_q.elf 
arm-none-eabi-objdump -h -S test_q.elf  > "test_q.list"
   text	   data	    bss	    dec	    hex	filename
   6000	     32	   1584	   7616	   1dc0	test_q.elf
Finished building: default.size.stdout
 
Finished building: test_q.list
 
22:39:17 **** Incremental Build of configuration Debug for project test_q ****
make -j20 all 
arm-none-eabi-size  test_q.elf 
   text	   data	    bss	    dec	    hex	filename
   6000	     32	   1584	   7616	   1dc0	test_q.elf
Finished building: default.size.stdout
 
